mode: atomic
github.com/kubeworkflow/flowengine/core/cli/cli.go:36.2,36.22 1 0
github.com/kubeworkflow/flowengine/core/cli/cli.go:37.3,39.1 2 0
github.com/kubeworkflow/flowengine/core/cli/cli.go:41.2,41.20 1 0
github.com/kubeworkflow/flowengine/core/cli/cli.go:43.3,43.29 1 0
github.com/kubeworkflow/flowengine/core/cli/cli.go:45.3,45.34 1 0
github.com/kubeworkflow/flowengine/core/cli/cli.go:47.3,47.32 1 0
github.com/kubeworkflow/flowengine/core/cli/cli.go:49.3,49.32 1 0
github.com/kubeworkflow/flowengine/core/cli/cli.go:51.3,51.22 1 0
github.com/kubeworkflow/flowengine/core/cli/cli.go:53.3,54.13 2 0
github.com/kubeworkflow/flowengine/core/cli/cli.go:56.3,56.90 1 0
github.com/kubeworkflow/flowengine/core/cli/cli.go:67.2,71.1 5 0
github.com/kubeworkflow/flowengine/core/cli/cli.go:72.2,72.39 5 0
github.com/kubeworkflow/flowengine/core/cli/cli.go:73.3,74.1 1 0
github.com/kubeworkflow/flowengine/core/cli/cli.go:75.2,75.19 1 0
github.com/kubeworkflow/flowengine/core/cli/cli.go:76.3,77.1 1 0
github.com/kubeworkflow/flowengine/core/cli/cli.go:79.2,81.16 3 0
github.com/kubeworkflow/flowengine/core/cli/cli.go:82.3,83.1 1 0
github.com/kubeworkflow/flowengine/core/cli/cli.go:86.2,91.1 6 0
github.com/kubeworkflow/flowengine/core/cli/cli.go:92.2,92.13 6 0
github.com/kubeworkflow/flowengine/core/cli/cli.go:93.3,96.1 3 0
github.com/kubeworkflow/flowengine/core/cli/cli.go:109.2,112.12 4 0
github.com/kubeworkflow/flowengine/core/cli/cli.go:121.2,123.1 3 0
github.com/kubeworkflow/flowengine/core/cli/cli.go:124.2,124.39 3 0
github.com/kubeworkflow/flowengine/core/cli/cli.go:125.3,126.1 1 0
github.com/kubeworkflow/flowengine/core/cli/cli.go:127.2,127.19 1 0
github.com/kubeworkflow/flowengine/core/cli/cli.go:128.3,129.1 1 0
github.com/kubeworkflow/flowengine/core/cli/cli.go:131.2,133.16 3 0
github.com/kubeworkflow/flowengine/core/cli/cli.go:134.3,135.1 1 0
github.com/kubeworkflow/flowengine/core/cli/cli.go:137.2,138.1 5 0
github.com/kubeworkflow/flowengine/core/cli/cli.go:143.2,149.1 5 0
github.com/kubeworkflow/flowengine/core/cli/cli.go:151.2,157.1 5 0
github.com/kubeworkflow/flowengine/core/cli/cli.go:159.2,160.1 5 0
github.com/kubeworkflow/flowengine/core/cli/cli.go:161.2,161.17 5 0
github.com/kubeworkflow/flowengine/core/cli/cli.go:162.3,163.1 1 0
github.com/kubeworkflow/flowengine/core/cli/cli.go:165.2,166.12 2 0
github.com/kubeworkflow/flowengine/core/cli/cli.go:176.2,179.1 4 0
github.com/kubeworkflow/flowengine/core/cli/cli.go:180.2,180.39 4 0
github.com/kubeworkflow/flowengine/core/cli/cli.go:181.3,182.1 1 0
github.com/kubeworkflow/flowengine/core/cli/cli.go:183.2,183.19 1 0
github.com/kubeworkflow/flowengine/core/cli/cli.go:184.3,185.1 1 0
github.com/kubeworkflow/flowengine/core/cli/cli.go:187.2,188.19 2 0
github.com/kubeworkflow/flowengine/core/cli/cli.go:189.3,191.1 2 0
github.com/kubeworkflow/flowengine/core/cli/cli.go:193.2,194.20 2 0
github.com/kubeworkflow/flowengine/core/cli/cli.go:195.3,196.1 1 0
github.com/kubeworkflow/flowengine/core/cli/cli.go:199.2,200.16 2 0
github.com/kubeworkflow/flowengine/core/cli/cli.go:201.3,202.1 1 0
github.com/kubeworkflow/flowengine/core/cli/cli.go:203.2,204.1 6 0
github.com/kubeworkflow/flowengine/core/cli/cli.go:205.2,209.1 6 0
github.com/kubeworkflow/flowengine/core/cli/cli.go:211.2,211.72 6 0
github.com/kubeworkflow/flowengine/core/cli/cli.go:212.3,213.1 1 0
github.com/kubeworkflow/flowengine/core/cli/cli.go:216.2,223.1 2 0
github.com/kubeworkflow/flowengine/core/cli/cli.go:224.2,224.79 2 0
github.com/kubeworkflow/flowengine/core/cli/cli.go:225.3,226.1 1 0
github.com/kubeworkflow/flowengine/core/cli/cli.go:233.2,236.12 4 0
github.com/kubeworkflow/flowengine/core/cli/cli.go:246.2,249.1 4 0
github.com/kubeworkflow/flowengine/core/cli/cli.go:250.2,250.39 4 0
github.com/kubeworkflow/flowengine/core/cli/cli.go:251.3,252.1 1 0
github.com/kubeworkflow/flowengine/core/cli/cli.go:253.2,253.19 1 0
github.com/kubeworkflow/flowengine/core/cli/cli.go:254.3,255.1 1 0
github.com/kubeworkflow/flowengine/core/cli/cli.go:257.2,259.1 3 0
github.com/kubeworkflow/flowengine/core/cli/cli.go:260.2,260.21 3 0
github.com/kubeworkflow/flowengine/core/cli/cli.go:261.3,262.1 1 0
github.com/kubeworkflow/flowengine/core/cli/cli.go:270.2,270.21 1 0
github.com/kubeworkflow/flowengine/core/cli/cli.go:271.3,272.1 1 0
github.com/kubeworkflow/flowengine/core/cli/cli.go:276.2,277.12 2 0
github.com/kubeworkflow/flowengine/core/cli/cli.go:285.2,289.1 4 0
github.com/kubeworkflow/flowengine/core/cli/cli.go:296.2,335.1 1 0
github.com/kubeworkflow/flowengine/core/cli/cli.go:342.2,343.16 2 0
github.com/kubeworkflow/flowengine/core/cli/cli.go:344.3,345.1 1 0
github.com/kubeworkflow/flowengine/core/cli/cli.go:346.2,347.1 3 0
github.com/kubeworkflow/flowengine/core/cli/cli.go:348.2,349.16 3 0
github.com/kubeworkflow/flowengine/core/cli/cli.go:350.3,351.1 1 0
github.com/kubeworkflow/flowengine/core/cli/cli.go:353.2,358.1 2 0
github.com/kubeworkflow/flowengine/core/cli/cli.go:360.2,360.44 2 0
github.com/kubeworkflow/flowengine/core/cli/cli.go:361.3,362.1 1 0
github.com/kubeworkflow/flowengine/core/cli/cli.go:364.2,365.12 2 0
github.com/kubeworkflow/flowengine/core/cli/cli.go:369.2,375.1 3 0
github.com/kubeworkflow/flowengine/core/cli/cli.go:376.2,376.44 3 0
github.com/kubeworkflow/flowengine/core/cli/cli.go:377.3,378.1 1 0
github.com/kubeworkflow/flowengine/core/cli/cli.go:379.2,380.12 2 0
github.com/kubeworkflow/flowengine/core/connectors/ingress/webhook/webhook.go:56.32,56.60 1 0
github.com/kubeworkflow/flowengine/core/connectors/ingress/webhook/webhook.go:59.44,59.66 1 0
github.com/kubeworkflow/flowengine/core/connectors/ingress/webhook/webhook.go:63.2,94.1 1 0
github.com/kubeworkflow/flowengine/core/connectors/ingress/webhook/webhook.go:102.2,106.1 8 0
github.com/kubeworkflow/flowengine/core/connectors/ingress/webhook/webhook.go:107.2,109.1 8 0
github.com/kubeworkflow/flowengine/core/connectors/ingress/webhook/webhook.go:110.2,111.68 8 0
github.com/kubeworkflow/flowengine/core/connectors/ingress/webhook/webhook.go:113.3,113.25 1 0
github.com/kubeworkflow/flowengine/core/connectors/ingress/webhook/webhook.go:114.4,116.1 2 0
github.com/kubeworkflow/flowengine/core/connectors/ingress/webhook/webhook.go:119.3,119.23 1 0
github.com/kubeworkflow/flowengine/core/connectors/ingress/webhook/webhook.go:120.4,121.17 2 0
github.com/kubeworkflow/flowengine/core/connectors/ingress/webhook/webhook.go:122.5,123.1 1 0
github.com/kubeworkflow/flowengine/core/connectors/ingress/webhook/webhook.go:124.4,125.18 2 0
github.com/kubeworkflow/flowengine/core/connectors/ingress/webhook/webhook.go:126.5,128.1 2 0
github.com/kubeworkflow/flowengine/core/connectors/ingress/webhook/webhook.go:129.4,129.42 1 0
github.com/kubeworkflow/flowengine/core/connectors/ingress/webhook/webhook.go:130.5,132.1 2 0
github.com/kubeworkflow/flowengine/core/connectors/ingress/webhook/webhook.go:134.4,134.47 1 0
github.com/kubeworkflow/flowengine/core/connectors/ingress/webhook/webhook.go:138.3,139.21 2 0
github.com/kubeworkflow/flowengine/core/connectors/ingress/webhook/webhook.go:140.4,141.1 1 0
github.com/kubeworkflow/flowengine/core/connectors/ingress/webhook/webhook.go:144.3,147.1 5 0
github.com/kubeworkflow/flowengine/core/connectors/ingress/webhook/webhook.go:149.3,150.13 5 0
github.com/kubeworkflow/flowengine/core/connectors/ingress/webhook/webhook.go:151.4,153.1 2 0
github.com/kubeworkflow/flowengine/core/connectors/ingress/webhook/webhook.go:155.3,167.1 1 0
github.com/kubeworkflow/flowengine/core/connectors/ingress/webhook/webhook.go:170.2,177.1 2 0
github.com/kubeworkflow/flowengine/core/connectors/ingress/webhook/webhook.go:180.2,180.12 2 0
github.com/kubeworkflow/flowengine/core/connectors/ingress/webhook/webhook.go:181.3,182.80 2 0
github.com/kubeworkflow/flowengine/core/connectors/ingress/webhook/webhook.go:183.4,184.1 1 0
github.com/kubeworkflow/flowengine/core/connectors/ingress/webhook/webhook.go:188.2,188.9 1 0
github.com/kubeworkflow/flowengine/core/connectors/ingress/webhook/webhook.go:191.3,194.21 4 0
github.com/kubeworkflow/flowengine/core/connectors/ingress/webhook/webhook.go:196.3,196.58 1 0
github.com/kubeworkflow/flowengine/core/connectors/ingress/webhook/webhook.go:198.3,201.24 4 0
github.com/kubeworkflow/flowengine/core/connectors/ingress/webhook/webhook.go:207.2,208.1 1 0
github.com/kubeworkflow/flowengine/core/connectors/ingress/webhook/webhook.go:218.2,219.42 2 0
github.com/kubeworkflow/flowengine/core/connectors/ingress/webhook/webhook.go:220.3,221.1 1 0
github.com/kubeworkflow/flowengine/core/connectors/ingress/webhook/webhook.go:223.2,226.1 4 0
github.com/kubeworkflow/flowengine/core/connectors/ingress/webhook/webhook.go:227.2,227.50 4 0
github.com/kubeworkflow/flowengine/core/connectors/ingress/webhook/webhook.go:235.2,235.27 1 0
github.com/kubeworkflow/flowengine/core/connectors/ingress/webhook/webhook.go:236.3,236.14 1 0
github.com/kubeworkflow/flowengine/core/connectors/ingress/webhook/webhook.go:237.4,238.1 1 0
github.com/kubeworkflow/flowengine/core/connectors/ingress/webhook/webhook.go:240.2,240.11 1 0
github.com/kubeworkflow/flowengine/core/connectors/ingress/webhook/webhook.go:250.2,251.1 1 0
github.com/kubeworkflow/flowengine/core/connectors/ingress/webhook/webhook.go:254.2,254.29 1 0
github.com/kubeworkflow/flowengine/core/connectors/ingress/webhook/webhook.go:255.3,256.1 1 0
github.com/kubeworkflow/flowengine/core/connectors/ingress/webhook/webhook.go:257.2,259.15 3 0
github.com/kubeworkflow/flowengine/core/connectors/ingress/webhook/webhook.go:262.39,262.51 1 0
github.com/kubeworkflow/flowengine/core/advisor/advisor.go:105.38,105.61 1 0
github.com/kubeworkflow/flowengine/core/advisor/advisor.go:109.2,110.1 2 0
github.com/kubeworkflow/flowengine/core/advisor/advisor.go:112.2,112.36 2 0
github.com/kubeworkflow/flowengine/core/advisor/advisor.go:113.3,129.1 1 0
github.com/kubeworkflow/flowengine/core/advisor/advisor.go:129.9,129.42 1 0
github.com/kubeworkflow/flowengine/core/advisor/advisor.go:130.3,143.1 1 0
github.com/kubeworkflow/flowengine/core/advisor/advisor.go:146.2,146.36 1 0
github.com/kubeworkflow/flowengine/core/advisor/advisor.go:147.3,160.1 1 0
github.com/kubeworkflow/flowengine/core/advisor/advisor.go:163.2,163.38 1 0
github.com/kubeworkflow/flowengine/core/advisor/advisor.go:164.3,177.1 1 0
github.com/kubeworkflow/flowengine/core/advisor/advisor.go:177.9,177.44 1 0
github.com/kubeworkflow/flowengine/core/advisor/advisor.go:178.3,190.1 1 0
github.com/kubeworkflow/flowengine/core/advisor/advisor.go:193.2,193.39 1 0
github.com/kubeworkflow/flowengine/core/advisor/advisor.go:194.3,207.1 1 0
github.com/kubeworkflow/flowengine/core/advisor/advisor.go:210.2,210.49 1 0
github.com/kubeworkflow/flowengine/core/advisor/advisor.go:211.3,225.1 1 0
github.com/kubeworkflow/flowengine/core/advisor/advisor.go:227.2,227.15 1 0
github.com/kubeworkflow/flowengine/core/advisor/advisor.go:238.2,239.1 2 0
github.com/kubeworkflow/flowengine/core/advisor/advisor.go:240.2,278.1 2 0
github.com/kubeworkflow/flowengine/core/advisor/advisor.go:298.2,299.1 1 0
github.com/kubeworkflow/flowengine/core/advisor/advisor.go:305.2,307.1 4 0
github.com/kubeworkflow/flowengine/core/advisor/advisor.go:308.2,309.1 4 0
github.com/kubeworkflow/flowengine/core/advisor/advisor.go:310.2,310.6 4 0
github.com/kubeworkflow/flowengine/core/advisor/advisor.go:311.3,311.10 1 0
github.com/kubeworkflow/flowengine/core/advisor/advisor.go:313.4,314.10 2 0
github.com/kubeworkflow/flowengine/core/advisor/advisor.go:321.4,321.91 1 0
github.com/kubeworkflow/flowengine/core/connectors/messaging/kafka/kafka.go:39.30,39.56 1 0
github.com/kubeworkflow/flowengine/core/connectors/messaging/kafka/kafka.go:41.42,41.64 1 0
github.com/kubeworkflow/flowengine/core/connectors/messaging/kafka/kafka.go:44.2,83.1 1 0
github.com/kubeworkflow/flowengine/core/connectors/messaging/kafka/kafka.go:89.2,92.19 4 0
github.com/kubeworkflow/flowengine/core/connectors/messaging/kafka/kafka.go:93.3,94.1 1 0
github.com/kubeworkflow/flowengine/core/connectors/messaging/kafka/kafka.go:96.2,96.19 1 0
github.com/kubeworkflow/flowengine/core/connectors/messaging/kafka/kafka.go:97.3,98.1 1 0
github.com/kubeworkflow/flowengine/core/connectors/messaging/kafka/kafka.go:99.2,99.17 1 0
github.com/kubeworkflow/flowengine/core/connectors/messaging/kafka/kafka.go:100.3,101.1 1 0
github.com/kubeworkflow/flowengine/core/connectors/messaging/kafka/kafka.go:103.2,104.1 3 0
github.com/kubeworkflow/flowengine/core/connectors/messaging/kafka/kafka.go:115.2,116.12 3 0
github.com/kubeworkflow/flowengine/core/connectors/messaging/kafka/kafka.go:117.3,118.1 3 0
github.com/kubeworkflow/flowengine/core/connectors/messaging/kafka/kafka.go:119.3,122.1 3 0
github.com/kubeworkflow/flowengine/core/connectors/messaging/kafka/kafka.go:123.3,123.29 3 0
github.com/kubeworkflow/flowengine/core/connectors/messaging/kafka/kafka.go:124.4,124.11 1 0
github.com/kubeworkflow/flowengine/core/connectors/messaging/kafka/kafka.go:126.5,127.11 2 0
github.com/kubeworkflow/flowengine/core/connectors/messaging/kafka/kafka.go:129.5,129.31 1 0
github.com/kubeworkflow/flowengine/core/connectors/messaging/kafka/kafka.go:134.2,141.8 1 0
github.com/kubeworkflow/flowengine/core/connectors/messaging/kafka/kafka.go:145.2,147.17 3 0
github.com/kubeworkflow/flowengine/core/connectors/messaging/kafka/kafka.go:148.3,149.1 1 0
github.com/kubeworkflow/flowengine/core/connectors/messaging/kafka/kafka.go:150.2,151.1 3 0
github.com/kubeworkflow/flowengine/core/connectors/messaging/kafka/kafka.go:152.2,153.12 3 0
github.com/kubeworkflow/flowengine/core/connectors/messaging/kafka/kafka.go:158.2,158.27 1 0
github.com/kubeworkflow/flowengine/core/connectors/messaging/kafka/kafka.go:159.3,159.33 1 0
github.com/kubeworkflow/flowengine/core/connectors/messaging/kafka/kafka.go:160.4,161.1 1 0
github.com/kubeworkflow/flowengine/core/connectors/messaging/kafka/kafka.go:163.2,163.11 1 0
github.com/kubeworkflow/flowengine/core/api/v1alpha1/groupversion_info.go:24.2,25.1 2 0
github.com/kubeworkflow/flowengine/core/api/v1alpha1/groupversion_info.go:26.2,27.1 2 0
github.com/kubeworkflow/flowengine/core/api/v1alpha1/zz_generated.deepcopy.go:14.2,19.1 5 0
github.com/kubeworkflow/flowengine/core/api/v1alpha1/zz_generated.deepcopy.go:23.2,23.34 1 0
github.com/kubeworkflow/flowengine/core/api/v1alpha1/zz_generated.deepcopy.go:24.3,25.1 1 0
github.com/kubeworkflow/flowengine/core/api/v1alpha1/zz_generated.deepcopy.go:26.2,26.12 1 0
github.com/kubeworkflow/flowengine/core/api/v1alpha1/zz_generated.deepcopy.go:31.2,31.15 1 0
github.com/kubeworkflow/flowengine/core/api/v1alpha1/zz_generated.deepcopy.go:32.3,33.1 1 0
github.com/kubeworkflow/flowengine/core/api/v1alpha1/zz_generated.deepcopy.go:34.2,36.12 3 0
github.com/kubeworkflow/flowengine/core/api/v1alpha1/zz_generated.deepcopy.go:41.2,44.21 4 0
github.com/kubeworkflow/flowengine/core/api/v1alpha1/zz_generated.deepcopy.go:45.3,47.22 3 0
github.com/kubeworkflow/flowengine/core/api/v1alpha1/zz_generated.deepcopy.go:48.4,49.1 1 0
github.com/kubeworkflow/flowengine/core/api/v1alpha1/zz_generated.deepcopy.go:55.2,55.34 1 0
github.com/kubeworkflow/flowengine/core/api/v1alpha1/zz_generated.deepcopy.go:56.3,57.1 1 0
github.com/kubeworkflow/flowengine/core/api/v1alpha1/zz_generated.deepcopy.go:58.2,58.12 1 0
github.com/kubeworkflow/flowengine/core/api/v1alpha1/zz_generated.deepcopy.go:63.2,63.15 1 0
github.com/kubeworkflow/flowengine/core/api/v1alpha1/zz_generated.deepcopy.go:64.3,65.1 1 0
github.com/kubeworkflow/flowengine/core/api/v1alpha1/zz_generated.deepcopy.go:66.2,68.12 3 0
github.com/kubeworkflow/flowengine/core/api/v1alpha1/zz_generated.deepcopy.go:73.2,74.27 2 0
github.com/kubeworkflow/flowengine/core/api/v1alpha1/zz_generated.deepcopy.go:75.3,77.22 3 0
github.com/kubeworkflow/flowengine/core/api/v1alpha1/zz_generated.deepcopy.go:78.4,79.1 1 0
github.com/kubeworkflow/flowengine/core/api/v1alpha1/zz_generated.deepcopy.go:81.2,81.22 1 0
github.com/kubeworkflow/flowengine/core/api/v1alpha1/zz_generated.deepcopy.go:82.3,85.1 3 0
github.com/kubeworkflow/flowengine/core/api/v1alpha1/zz_generated.deepcopy.go:86.2,86.25 1 0
github.com/kubeworkflow/flowengine/core/api/v1alpha1/zz_generated.deepcopy.go:87.3,90.1 3 0
github.com/kubeworkflow/flowengine/core/api/v1alpha1/zz_generated.deepcopy.go:95.2,95.15 1 0
github.com/kubeworkflow/flowengine/core/api/v1alpha1/zz_generated.deepcopy.go:96.3,97.1 1 0
github.com/kubeworkflow/flowengine/core/api/v1alpha1/zz_generated.deepcopy.go:98.2,100.12 3 0
github.com/kubeworkflow/flowengine/core/api/v1alpha1/zz_generated.deepcopy.go:105.2,106.22 2 0
github.com/kubeworkflow/flowengine/core/api/v1alpha1/zz_generated.deepcopy.go:107.3,109.25 3 0
github.com/kubeworkflow/flowengine/core/api/v1alpha1/zz_generated.deepcopy.go:110.4,111.1 1 0
github.com/kubeworkflow/flowengine/core/api/v1alpha1/zz_generated.deepcopy.go:113.2,113.23 1 0
github.com/kubeworkflow/flowengine/core/api/v1alpha1/zz_generated.deepcopy.go:114.3,117.1 3 0
github.com/kubeworkflow/flowengine/core/api/v1alpha1/zz_generated.deepcopy.go:118.2,118.25 1 0
github.com/kubeworkflow/flowengine/core/api/v1alpha1/zz_generated.deepcopy.go:119.3,122.1 3 0
github.com/kubeworkflow/flowengine/core/api/v1alpha1/zz_generated.deepcopy.go:123.2,123.28 1 0
github.com/kubeworkflow/flowengine/core/api/v1alpha1/zz_generated.deepcopy.go:124.3,127.1 3 0
github.com/kubeworkflow/flowengine/core/api/v1alpha1/zz_generated.deepcopy.go:128.2,128.27 1 0
github.com/kubeworkflow/flowengine/core/api/v1alpha1/zz_generated.deepcopy.go:129.3,131.22 3 0
github.com/kubeworkflow/flowengine/core/api/v1alpha1/zz_generated.deepcopy.go:132.4,133.1 1 0
github.com/kubeworkflow/flowengine/core/api/v1alpha1/zz_generated.deepcopy.go:139.2,139.15 1 0
github.com/kubeworkflow/flowengine/core/api/v1alpha1/zz_generated.deepcopy.go:140.3,141.1 1 0
github.com/kubeworkflow/flowengine/core/api/v1alpha1/zz_generated.deepcopy.go:142.2,144.12 3 0
github.com/kubeworkflow/flowengine/core/api/v1alpha1/zz_generated.deepcopy.go:149.2,150.1 1 0
github.com/kubeworkflow/flowengine/core/api/v1alpha1/zz_generated.deepcopy.go:154.2,154.15 1 0
github.com/kubeworkflow/flowengine/core/api/v1alpha1/zz_generated.deepcopy.go:155.3,156.1 1 0
github.com/kubeworkflow/flowengine/core/api/v1alpha1/zz_generated.deepcopy.go:157.2,159.12 3 0
github.com/kubeworkflow/flowengine/core/api/v1alpha1/zz_generated.deepcopy.go:164.2,165.32 2 0
github.com/kubeworkflow/flowengine/core/api/v1alpha1/zz_generated.deepcopy.go:166.3,169.1 3 0
github.com/kubeworkflow/flowengine/core/api/v1alpha1/zz_generated.deepcopy.go:170.2,170.39 1 0
github.com/kubeworkflow/flowengine/core/api/v1alpha1/zz_generated.deepcopy.go:171.3,174.1 3 0
github.com/kubeworkflow/flowengine/core/api/v1alpha1/zz_generated.deepcopy.go:179.2,179.15 1 0
github.com/kubeworkflow/flowengine/core/api/v1alpha1/zz_generated.deepcopy.go:180.3,181.1 1 0
github.com/kubeworkflow/flowengine/core/api/v1alpha1/zz_generated.deepcopy.go:182.2,184.12 3 0
github.com/kubeworkflow/flowengine/core/api/v1alpha1/zz_generated.deepcopy.go:189.2,190.30 2 0
github.com/kubeworkflow/flowengine/core/api/v1alpha1/zz_generated.deepcopy.go:191.3,193.1 2 0
github.com/kubeworkflow/flowengine/core/api/v1alpha1/zz_generated.deepcopy.go:194.2,194.26 1 0
github.com/kubeworkflow/flowengine/core/api/v1alpha1/zz_generated.deepcopy.go:195.3,198.1 3 0
github.com/kubeworkflow/flowengine/core/api/v1alpha1/zz_generated.deepcopy.go:199.2,199.26 1 0
github.com/kubeworkflow/flowengine/core/api/v1alpha1/zz_generated.deepcopy.go:200.3,202.22 3 0
github.com/kubeworkflow/flowengine/core/api/v1alpha1/zz_generated.deepcopy.go:203.4,204.1 1 0
github.com/kubeworkflow/flowengine/core/api/v1alpha1/zz_generated.deepcopy.go:210.2,210.15 1 0
github.com/kubeworkflow/flowengine/core/api/v1alpha1/zz_generated.deepcopy.go:211.3,212.1 1 0
github.com/kubeworkflow/flowengine/core/api/v1alpha1/zz_generated.deepcopy.go:213.2,215.12 3 0
github.com/kubeworkflow/flowengine/core/api/v1alpha1/zz_generated.deepcopy.go:226.2,231.1 5 0
github.com/kubeworkflow/flowengine/core/api/v1alpha1/zz_generated.deepcopy.go:234.2,234.15 1 0
github.com/kubeworkflow/flowengine/core/api/v1alpha1/zz_generated.deepcopy.go:235.3,236.1 1 0
github.com/kubeworkflow/flowengine/core/api/v1alpha1/zz_generated.deepcopy.go:237.2,239.12 3 0
github.com/kubeworkflow/flowengine/core/api/v1alpha1/zz_generated.deepcopy.go:243.2,243.34 1 0
github.com/kubeworkflow/flowengine/core/api/v1alpha1/zz_generated.deepcopy.go:244.3,245.1 1 0
github.com/kubeworkflow/flowengine/core/api/v1alpha1/zz_generated.deepcopy.go:246.2,246.12 1 0
github.com/kubeworkflow/flowengine/core/api/v1alpha1/zz_generated.deepcopy.go:250.2,253.21 4 0
github.com/kubeworkflow/flowengine/core/api/v1alpha1/zz_generated.deepcopy.go:254.3,256.22 3 0
github.com/kubeworkflow/flowengine/core/api/v1alpha1/zz_generated.deepcopy.go:257.4,258.1 1 0
github.com/kubeworkflow/flowengine/core/api/v1alpha1/zz_generated.deepcopy.go:263.2,263.15 1 0
github.com/kubeworkflow/flowengine/core/api/v1alpha1/zz_generated.deepcopy.go:264.3,265.1 1 0
github.com/kubeworkflow/flowengine/core/api/v1alpha1/zz_generated.deepcopy.go:266.2,268.12 3 0
github.com/kubeworkflow/flowengine/core/api/v1alpha1/zz_generated.deepcopy.go:272.2,272.34 1 0
github.com/kubeworkflow/flowengine/core/api/v1alpha1/zz_generated.deepcopy.go:273.3,274.1 1 0
github.com/kubeworkflow/flowengine/core/api/v1alpha1/zz_generated.deepcopy.go:275.2,275.12 1 0
github.com/kubeworkflow/flowengine/core/api/v1alpha1/zz_generated.deepcopy.go:279.2,281.24 3 0
github.com/kubeworkflow/flowengine/core/api/v1alpha1/zz_generated.deepcopy.go:282.3,285.1 3 0
github.com/kubeworkflow/flowengine/core/api/v1alpha1/zz_generated.deepcopy.go:286.2,288.22 3 0
github.com/kubeworkflow/flowengine/core/api/v1alpha1/zz_generated.deepcopy.go:289.3,292.1 3 0
github.com/kubeworkflow/flowengine/core/api/v1alpha1/zz_generated.deepcopy.go:293.2,293.21 1 0
github.com/kubeworkflow/flowengine/core/api/v1alpha1/zz_generated.deepcopy.go:294.3,297.1 3 0
github.com/kubeworkflow/flowengine/core/api/v1alpha1/zz_generated.deepcopy.go:298.2,298.22 1 0
github.com/kubeworkflow/flowengine/core/api/v1alpha1/zz_generated.deepcopy.go:299.3,302.1 3 0
github.com/kubeworkflow/flowengine/core/api/v1alpha1/zz_generated.deepcopy.go:306.2,306.15 1 0
github.com/kubeworkflow/flowengine/core/api/v1alpha1/zz_generated.deepcopy.go:307.3,308.1 1 0
github.com/kubeworkflow/flowengine/core/api/v1alpha1/zz_generated.deepcopy.go:309.2,311.12 3 0
github.com/kubeworkflow/flowengine/core/api/v1alpha1/zz_generated.deepcopy.go:315.2,316.21 2 0
github.com/kubeworkflow/flowengine/core/api/v1alpha1/zz_generated.deepcopy.go:317.3,319.22 3 0
github.com/kubeworkflow/flowengine/core/api/v1alpha1/zz_generated.deepcopy.go:320.4,321.1 1 0
github.com/kubeworkflow/flowengine/core/api/v1alpha1/zz_generated.deepcopy.go:326.2,327.27 2 0
github.com/kubeworkflow/flowengine/core/api/v1alpha1/zz_generated.deepcopy.go:328.3,331.1 3 0
github.com/kubeworkflow/flowengine/core/api/v1alpha1/zz_generated.deepcopy.go:335.2,336.34 2 0
github.com/kubeworkflow/flowengine/core/api/v1alpha1/zz_generated.deepcopy.go:337.3,340.1 3 0
github.com/kubeworkflow/flowengine/core/api/v1alpha1/zz_generated.deepcopy.go:341.2,341.33 1 0
github.com/kubeworkflow/flowengine/core/api/v1alpha1/zz_generated.deepcopy.go:342.3,345.1 3 0
github.com/kubeworkflow/flowengine/core/api/v1alpha1/zz_generated.deepcopy.go:349.2,350.21 2 0
github.com/kubeworkflow/flowengine/core/api/v1alpha1/zz_generated.deepcopy.go:351.3,353.22 3 0
github.com/kubeworkflow/flowengine/core/api/v1alpha1/zz_generated.deepcopy.go:354.4,355.1 1 0
github.com/kubeworkflow/flowengine/core/api/v1alpha1/zz_generated.deepcopy.go:357.2,357.30 1 0
github.com/kubeworkflow/flowengine/core/api/v1alpha1/zz_generated.deepcopy.go:358.3,360.22 3 0
github.com/kubeworkflow/flowengine/core/api/v1alpha1/zz_generated.deepcopy.go:361.4,362.1 1 0
github.com/kubeworkflow/flowengine/core/api/v1alpha1/zz_generated.deepcopy.go:364.2,364.21 1 0
github.com/kubeworkflow/flowengine/core/api/v1alpha1/zz_generated.deepcopy.go:365.3,368.1 3 0
github.com/kubeworkflow/flowengine/core/api/v1alpha1/zz_generated.deepcopy.go:372.2,373.21 2 0
github.com/kubeworkflow/flowengine/core/api/v1alpha1/zz_generated.deepcopy.go:374.3,377.1 3 0
github.com/kubeworkflow/flowengine/core/api/v1alpha1/zz_generated.deepcopy.go:381.2,382.23 2 0
github.com/kubeworkflow/flowengine/core/api/v1alpha1/zz_generated.deepcopy.go:383.3,386.1 3 0
github.com/kubeworkflow/flowengine/core/api/v1alpha1/zz_generated.deepcopy.go:387.2,387.39 1 0
github.com/kubeworkflow/flowengine/core/api/v1alpha1/zz_generated.deepcopy.go:388.3,391.1 3 0
github.com/kubeworkflow/flowengine/core/api/v1alpha1/zz_generated.deepcopy.go:392.2,392.32 1 0
github.com/kubeworkflow/flowengine/core/api/v1alpha1/zz_generated.deepcopy.go:393.3,396.1 3 0
github.com/kubeworkflow/flowengine/core/api/v1alpha1/zz_generated.deepcopy.go:400.2,401.28 2 0
github.com/kubeworkflow/flowengine/core/api/v1alpha1/zz_generated.deepcopy.go:402.3,404.25 3 0
github.com/kubeworkflow/flowengine/core/api/v1alpha1/zz_generated.deepcopy.go:405.4,406.1 1 0
github.com/kubeworkflow/flowengine/core/api/v1alpha1/zz_generated.deepcopy.go:408.2,408.28 1 0
github.com/kubeworkflow/flowengine/core/api/v1alpha1/zz_generated.deepcopy.go:409.3,412.1 3 0
github.com/kubeworkflow/flowengine/core/api/v1alpha1/zz_generated.deepcopy.go:413.2,413.26 1 0
github.com/kubeworkflow/flowengine/core/api/v1alpha1/zz_generated.deepcopy.go:414.3,417.1 3 0
github.com/kubeworkflow/flowengine/core/api/v1alpha1/zz_generated.deepcopy.go:418.2,418.26 1 0
github.com/kubeworkflow/flowengine/core/api/v1alpha1/zz_generated.deepcopy.go:419.3,421.22 3 0
github.com/kubeworkflow/flowengine/core/api/v1alpha1/zz_generated.deepcopy.go:422.4,423.1 1 0
github.com/kubeworkflow/flowengine/core/api/v1alpha1/zz_generated.deepcopy.go:428.2,428.15 1 0
github.com/kubeworkflow/flowengine/core/api/v1alpha1/zz_generated.deepcopy.go:429.3,430.1 1 0
github.com/kubeworkflow/flowengine/core/api/v1alpha1/zz_generated.deepcopy.go:431.2,433.12 3 0
github.com/kubeworkflow/flowengine/core/api/v1alpha1/zz_generated.deepcopy.go:437.2,438.22 2 0
github.com/kubeworkflow/flowengine/core/api/v1alpha1/zz_generated.deepcopy.go:439.3,442.1 3 0
github.com/kubeworkflow/flowengine/core/api/v1alpha1/zz_generated.deepcopy.go:443.2,443.24 1 0
github.com/kubeworkflow/flowengine/core/api/v1alpha1/zz_generated.deepcopy.go:444.3,447.1 3 0
github.com/kubeworkflow/flowengine/core/api/v1alpha1/zz_generated.deepcopy.go:451.2,452.26 2 0
github.com/kubeworkflow/flowengine/core/api/v1alpha1/zz_generated.deepcopy.go:453.3,456.1 3 0
github.com/kubeworkflow/flowengine/core/connectors/databases/sql/postgres.go:61.33,61.62 1 0
github.com/kubeworkflow/flowengine/core/connectors/databases/sql/postgres.go:64.45,64.67 1 0
github.com/kubeworkflow/flowengine/core/connectors/databases/sql/postgres.go:68.2,109.1 1 0
github.com/kubeworkflow/flowengine/core/connectors/databases/sql/postgres.go:123.2,130.1 8 0
github.com/kubeworkflow/flowengine/core/connectors/databases/sql/postgres.go:131.2,131.17 8 0
github.com/kubeworkflow/flowengine/core/connectors/databases/sql/postgres.go:132.3,133.1 1 0
github.com/kubeworkflow/flowengine/core/connectors/databases/sql/postgres.go:134.2,134.16 1 0
github.com/kubeworkflow/flowengine/core/connectors/databases/sql/postgres.go:135.3,136.1 1 0
github.com/kubeworkflow/flowengine/core/connectors/databases/sql/postgres.go:139.2,142.1 4 0
github.com/kubeworkflow/flowengine/core/connectors/databases/sql/postgres.go:157.2,158.12 4 0
github.com/kubeworkflow/flowengine/core/connectors/databases/sql/postgres.go:159.3,160.1 3 0
github.com/kubeworkflow/flowengine/core/connectors/databases/sql/postgres.go:161.3,164.1 3 0
github.com/kubeworkflow/flowengine/core/connectors/databases/sql/postgres.go:165.3,165.28 3 0
github.com/kubeworkflow/flowengine/core/connectors/databases/sql/postgres.go:166.4,166.11 1 0
github.com/kubeworkflow/flowengine/core/connectors/databases/sql/postgres.go:168.5,169.11 2 0
github.com/kubeworkflow/flowengine/core/connectors/databases/sql/postgres.go:171.5,171.33 1 0
github.com/kubeworkflow/flowengine/core/connectors/databases/sql/postgres.go:174.3,174.88 1 0
github.com/kubeworkflow/flowengine/core/connectors/databases/sql/postgres.go:177.2,188.8 1 0
github.com/kubeworkflow/flowengine/core/connectors/databases/sql/postgres.go:194.2,195.17 2 0
github.com/kubeworkflow/flowengine/core/connectors/databases/sql/postgres.go:196.3,197.1 1 0
github.com/kubeworkflow/flowengine/core/connectors/databases/sql/postgres.go:201.2,202.12 2 0
github.com/kubeworkflow/flowengine/core/connectors/databases/sql/postgres.go:211.2,211.27 1 0
github.com/kubeworkflow/flowengine/core/connectors/databases/sql/postgres.go:212.3,212.14 1 0
github.com/kubeworkflow/flowengine/core/connectors/databases/sql/postgres.go:213.4,214.1 1 0
github.com/kubeworkflow/flowengine/core/connectors/databases/sql/postgres.go:216.2,216.11 1 0
github.com/kubeworkflow/flowengine/core/connectors/databases/sql/postgres.go:221.2,222.17 2 0
github.com/kubeworkflow/flowengine/core/connectors/databases/sql/postgres.go:223.3,224.1 1 0
github.com/kubeworkflow/flowengine/core/connectors/databases/sql/postgres.go:225.2,225.22 1 0
github.com/kubeworkflow/flowengine/core/connectors/interface.go:39.2,39.32 1 0
github.com/kubeworkflow/flowengine/core/connectors/interface.go:40.3,41.1 1 0
github.com/kubeworkflow/flowengine/core/connectors/interface.go:42.2,42.19 1 0
github.com/kubeworkflow/flowengine/core/connectors/interface.go:102.2,103.1 1 0
github.com/kubeworkflow/flowengine/core/connectors/interface.go:108.2,109.1 1 0
github.com/kubeworkflow/flowengine/core/connectors/interface.go:113.2,115.1 2 0
github.com/kubeworkflow/flowengine/core/connectors/interface.go:119.2,120.33 2 0
github.com/kubeworkflow/flowengine/core/connectors/interface.go:121.3,122.1 1 0
github.com/kubeworkflow/flowengine/core/connectors/interface.go:123.2,123.15 1 0
github.com/kubeworkflow/flowengine/core/connectors/interface.go:129.2,130.33 2 0
github.com/kubeworkflow/flowengine/core/connectors/interface.go:131.3,132.1 1 0
github.com/kubeworkflow/flowengine/core/connectors/interface.go:133.2,133.16 1 0
github.com/kubeworkflow/flowengine/core/connectors/messaging/nats/nats_connector.go:38.29,38.54 1 0
github.com/kubeworkflow/flowengine/core/connectors/messaging/nats/nats_connector.go:40.41,40.63 1 0
github.com/kubeworkflow/flowengine/core/connectors/messaging/nats/nats_connector.go:43.2,75.1 1 0
github.com/kubeworkflow/flowengine/core/connectors/messaging/nats/nats_connector.go:80.2,81.15 2 0
github.com/kubeworkflow/flowengine/core/connectors/messaging/nats/nats_connector.go:82.3,83.1 1 0
github.com/kubeworkflow/flowengine/core/connectors/messaging/nats/nats_connector.go:84.2,85.19 2 0
github.com/kubeworkflow/flowengine/core/connectors/messaging/nats/nats_connector.go:86.3,87.1 1 0
github.com/kubeworkflow/flowengine/core/connectors/messaging/nats/nats_connector.go:89.2,91.1 5 0
github.com/kubeworkflow/flowengine/core/connectors/messaging/nats/nats_connector.go:92.2,93.1 5 0
github.com/kubeworkflow/flowengine/core/connectors/messaging/nats/nats_connector.go:97.2,98.12 5 0
github.com/kubeworkflow/flowengine/core/connectors/messaging/nats/nats_connector.go:99.3,100.1 3 0
github.com/kubeworkflow/flowengine/core/connectors/messaging/nats/nats_connector.go:101.3,103.1 3 0
github.com/kubeworkflow/flowengine/core/connectors/messaging/nats/nats_connector.go:105.2,111.8 1 0
github.com/kubeworkflow/flowengine/core/connectors/messaging/nats/nats_connector.go:116.2,117.15 2 0
github.com/kubeworkflow/flowengine/core/connectors/messaging/nats/nats_connector.go:118.3,119.1 1 0
github.com/kubeworkflow/flowengine/core/connectors/messaging/nats/nats_connector.go:120.2,121.19 2 0
github.com/kubeworkflow/flowengine/core/connectors/messaging/nats/nats_connector.go:122.3,123.1 1 0
github.com/kubeworkflow/flowengine/core/connectors/messaging/nats/nats_connector.go:126.2,127.16 2 0
github.com/kubeworkflow/flowengine/core/connectors/messaging/nats/nats_connector.go:128.3,129.1 1 0
github.com/kubeworkflow/flowengine/core/connectors/messaging/nats/nats_connector.go:130.2,131.12 2 0
github.com/kubeworkflow/flowengine/core/debug/sidecar.go:73.2,78.1 1 0
github.com/kubeworkflow/flowengine/core/debug/sidecar.go:83.48,83.65 1 0
github.com/kubeworkflow/flowengine/core/debug/sidecar.go:97.2,97.18 1 0
github.com/kubeworkflow/flowengine/core/debug/sidecar.go:98.3,99.1 1 0
github.com/kubeworkflow/flowengine/core/debug/sidecar.go:101.2,103.1 3 0
github.com/kubeworkflow/flowengine/core/debug/sidecar.go:104.2,104.21 3 0
github.com/kubeworkflow/flowengine/core/debug/sidecar.go:105.3,105.10 1 0
github.com/kubeworkflow/flowengine/core/debug/sidecar.go:107.4,107.20 1 0
github.com/kubeworkflow/flowengine/core/debug/sidecar.go:108.11,108.11 0 0
github.com/kubeworkflow/flowengine/core/debug/sidecar.go:111.3,112.1 3 0
github.com/kubeworkflow/flowengine/core/debug/sidecar.go:114.3,115.1 3 0
github.com/kubeworkflow/flowengine/core/debug/sidecar.go:117.3,117.59 3 0
github.com/kubeworkflow/flowengine/core/debug/sidecar.go:118.4,119.1 1 0
github.com/kubeworkflow/flowengine/core/debug/sidecar.go:122.2,122.38 1 0
github.com/kubeworkflow/flowengine/core/debug/sidecar.go:123.3,124.1 1 0
github.com/kubeworkflow/flowengine/core/debug/sidecar.go:126.2,127.12 2 0
github.com/kubeworkflow/flowengine/core/debug/sidecar.go:137.2,141.1 6 0
github.com/kubeworkflow/flowengine/core/debug/sidecar.go:142.2,143.1 6 0
github.com/kubeworkflow/flowengine/core/debug/sidecar.go:145.2,145.9 6 0
github.com/kubeworkflow/flowengine/core/debug/sidecar.go:147.3,147.59 1 0
github.com/kubeworkflow/flowengine/core/debug/sidecar.go:148.20,148.20 0 0
github.com/kubeworkflow/flowengine/core/debug/sidecar.go:155.2,157.14 3 0
github.com/kubeworkflow/flowengine/core/debug/sidecar.go:158.3,160.1 2 0
github.com/kubeworkflow/flowengine/core/debug/sidecar.go:165.2,168.1 3 0
github.com/kubeworkflow/flowengine/core/debug/sidecar.go:175.2,182.1 2 0
github.com/kubeworkflow/flowengine/core/debug/sidecar.go:183.2,183.9 2 0
github.com/kubeworkflow/flowengine/core/debug/sidecar.go:184.22,184.22 0 0
github.com/kubeworkflow/flowengine/core/debug/sidecar.go:185.10,185.10 0 0
github.com/kubeworkflow/flowengine/core/debug/sidecar.go:197.2,209.1 1 0
github.com/kubeworkflow/flowengine/core/connectors/storage/s3/s3.go:58.27,58.50 1 0
github.com/kubeworkflow/flowengine/core/connectors/storage/s3/s3.go:61.39,61.61 1 0
github.com/kubeworkflow/flowengine/core/connectors/storage/s3/s3.go:66.2,101.1 1 0
github.com/kubeworkflow/flowengine/core/connectors/storage/s3/s3.go:114.2,117.1 4 0
github.com/kubeworkflow/flowengine/core/connectors/storage/s3/s3.go:118.2,118.18 4 0
github.com/kubeworkflow/flowengine/core/connectors/storage/s3/s3.go:119.3,120.1 1 0
github.com/kubeworkflow/flowengine/core/connectors/storage/s3/s3.go:146.2,151.1 4 0
github.com/kubeworkflow/flowengine/core/connectors/storage/s3/s3.go:152.2,162.8 4 0
github.com/kubeworkflow/flowengine/core/connectors/storage/s3/s3.go:168.2,170.1 3 0
github.com/kubeworkflow/flowengine/core/connectors/storage/s3/s3.go:171.2,171.18 3 0
github.com/kubeworkflow/flowengine/core/connectors/storage/s3/s3.go:172.3,173.1 1 0
github.com/kubeworkflow/flowengine/core/connectors/storage/s3/s3.go:185.2,187.12 3 0
github.com/kubeworkflow/flowengine/core/connectors/storage/s3/s3.go:196.2,197.1 2 0
github.com/kubeworkflow/flowengine/core/connectors/storage/s3/s3.go:198.2,198.9 2 0
github.com/kubeworkflow/flowengine/core/connectors/storage/s3/s3.go:200.3,200.20 1 0
github.com/kubeworkflow/flowengine/core/connectors/storage/s3/s3.go:202.3,202.28 1 0
github.com/kubeworkflow/flowengine/core/connectors/storage/s3/s3.go:204.3,204.33 1 0
github.com/kubeworkflow/flowengine/core/connectors/storage/s3/s3.go:206.3,206.27 1 0
github.com/kubeworkflow/flowengine/core/connectors/storage/s3/s3.go:208.3,208.77 1 0
github.com/kubeworkflow/flowengine/core/connectors/storage/s3/s3.go:210.3,210.21 1 0
github.com/kubeworkflow/flowengine/core/connectors/storage/s3/s3.go:212.3,212.22 1 0
github.com/kubeworkflow/flowengine/core/connectors/storage/s3/s3.go:214.3,214.21 1 0
github.com/kubeworkflow/flowengine/core/connectors/storage/s3/s3.go:216.2,216.17 1 0
github.com/kubeworkflow/flowengine/core/gitops/bridge.go:36.2,37.1 1 0
github.com/kubeworkflow/flowengine/core/gitops/bridge.go:46.2,47.24 2 0
github.com/kubeworkflow/flowengine/core/gitops/bridge.go:48.3,49.1 1 0
github.com/kubeworkflow/flowengine/core/gitops/bridge.go:50.2,51.1 3 0
github.com/kubeworkflow/flowengine/core/gitops/bridge.go:53.2,54.16 3 0
github.com/kubeworkflow/flowengine/core/gitops/bridge.go:55.3,56.1 1 0
github.com/kubeworkflow/flowengine/core/gitops/bridge.go:59.2,60.1 2 0
github.com/kubeworkflow/flowengine/core/gitops/bridge.go:62.2,62.67 2 0
github.com/kubeworkflow/flowengine/core/gitops/bridge.go:63.3,64.1 1 0
github.com/kubeworkflow/flowengine/core/gitops/bridge.go:65.2,65.64 1 0
github.com/kubeworkflow/flowengine/core/gitops/bridge.go:66.3,67.1 1 0
github.com/kubeworkflow/flowengine/core/gitops/bridge.go:72.2,74.1 3 0
github.com/kubeworkflow/flowengine/core/gitops/bridge.go:75.2,76.16 3 0
github.com/kubeworkflow/flowengine/core/gitops/bridge.go:77.3,78.1 1 0
github.com/kubeworkflow/flowengine/core/gitops/bridge.go:80.2,82.17 2 0
github.com/kubeworkflow/flowengine/core/gitops/bridge.go:94.2,95.1 2 0
github.com/kubeworkflow/flowengine/core/gitops/bridge.go:97.2,97.48 2 0
github.com/kubeworkflow/flowengine/core/gitops/bridge.go:98.3,100.1 2 0
github.com/kubeworkflow/flowengine/core/gitops/bridge.go:105.2,105.32 1 0
github.com/kubeworkflow/flowengine/core/gitops/bridge.go:108.3,108.75 1 0
github.com/kubeworkflow/flowengine/core/gitops/bridge.go:109.4,110.1 1 0
github.com/kubeworkflow/flowengine/core/gitops/bridge.go:114.2,115.1 3 0
github.com/kubeworkflow/flowengine/core/gitops/bridge.go:116.2,117.1 3 0
github.com/kubeworkflow/flowengine/core/gitops/bridge.go:118.2,118.30 3 0
github.com/kubeworkflow/flowengine/core/gitops/bridge.go:124.2,127.1 2 0
github.com/kubeworkflow/flowengine/core/gitops/bridge.go:128.2,128.24 2 0
github.com/kubeworkflow/flowengine/core/gitops/bridge.go:129.3,130.43 2 0
github.com/kubeworkflow/flowengine/core/gitops/bridge.go:131.4,131.43 1 0
github.com/kubeworkflow/flowengine/core/gitops/bridge.go:132.5,133.10 2 0
github.com/kubeworkflow/flowengine/core/gitops/bridge.go:157.2,160.1 3 0
github.com/kubeworkflow/flowengine/core/engine/compiler.go:132.2,135.1 1 0
github.com/kubeworkflow/flowengine/core/engine/compiler.go:139.40,139.55 1 0
github.com/kubeworkflow/flowengine/core/engine/compiler.go:144.2,145.19 2 0
github.com/kubeworkflow/flowengine/core/engine/compiler.go:146.3,147.1 1 0
github.com/kubeworkflow/flowengine/core/engine/compiler.go:150.2,151.1 4 0
github.com/kubeworkflow/flowengine/core/engine/compiler.go:153.2,160.1 4 0
github.com/kubeworkflow/flowengine/core/engine/compiler.go:163.2,164.27 4 0
github.com/kubeworkflow/flowengine/core/engine/compiler.go:165.3,166.17 2 0
github.com/kubeworkflow/flowengine/core/engine/compiler.go:167.4,168.1 1 0
github.com/kubeworkflow/flowengine/core/engine/compiler.go:169.3,169.35 1 0
github.com/kubeworkflow/flowengine/core/engine/compiler.go:173.2,174.27 2 0
github.com/kubeworkflow/flowengine/core/engine/compiler.go:175.3,179.1 2 0
github.com/kubeworkflow/flowengine/core/engine/compiler.go:180.3,181.1 2 0
github.com/kubeworkflow/flowengine/core/engine/compiler.go:183.2,186.1 4 0
github.com/kubeworkflow/flowengine/core/engine/compiler.go:187.2,188.1 4 0
github.com/kubeworkflow/flowengine/core/engine/compiler.go:190.2,191.84 4 0
github.com/kubeworkflow/flowengine/core/engine/compiler.go:192.3,193.1 1 0
github.com/kubeworkflow/flowengine/core/engine/compiler.go:196.2,197.78 2 0
github.com/kubeworkflow/flowengine/core/engine/compiler.go:198.3,199.1 1 0
github.com/kubeworkflow/flowengine/core/engine/compiler.go:202.2,234.1 4 0
github.com/kubeworkflow/flowengine/core/engine/compiler.go:236.2,237.16 4 0
github.com/kubeworkflow/flowengine/core/engine/compiler.go:238.3,239.1 1 0
github.com/kubeworkflow/flowengine/core/engine/compiler.go:241.2,246.8 1 0
github.com/kubeworkflow/flowengine/core/engine/compiler.go:251.2,252.17 2 0
github.com/kubeworkflow/flowengine/core/engine/compiler.go:253.3,254.1 1 0
github.com/kubeworkflow/flowengine/core/engine/compiler.go:257.2,258.32 2 0
github.com/kubeworkflow/flowengine/core/engine/compiler.go:259.3,263.1 1 0
github.com/kubeworkflow/flowengine/core/engine/compiler.go:266.2,271.1 4 0
github.com/kubeworkflow/flowengine/core/engine/compiler.go:273.2,276.1 4 0
github.com/kubeworkflow/flowengine/core/engine/compiler.go:279.2,284.1 4 0
github.com/kubeworkflow/flowengine/core/engine/compiler.go:287.2,287.27 4 0
github.com/kubeworkflow/flowengine/core/engine/compiler.go:288.3,289.1 1 0
github.com/kubeworkflow/flowengine/core/engine/compiler.go:291.3,300.1 1 0
github.com/kubeworkflow/flowengine/core/engine/compiler.go:304.2,304.26 1 0
github.com/kubeworkflow/flowengine/core/engine/compiler.go:305.3,311.1 1 0
github.com/kubeworkflow/flowengine/core/engine/compiler.go:315.2,315.23 1 0
github.com/kubeworkflow/flowengine/core/engine/compiler.go:316.3,317.1 1 0
github.com/kubeworkflow/flowengine/core/engine/compiler.go:319.2,322.8 1 0
github.com/kubeworkflow/flowengine/core/engine/compiler.go:333.2,334.27 2 0
github.com/kubeworkflow/flowengine/core/engine/compiler.go:335.3,335.39 1 0
github.com/kubeworkflow/flowengine/core/engine/compiler.go:336.4,337.1 1 0
github.com/kubeworkflow/flowengine/core/engine/compiler.go:339.2,339.13 1 0
github.com/kubeworkflow/flowengine/core/engine/compiler.go:344.2,345.23 2 0
github.com/kubeworkflow/flowengine/core/engine/compiler.go:346.3,347.1 1 0
github.com/kubeworkflow/flowengine/core/engine/compiler.go:348.2,349.28 2 0
github.com/kubeworkflow/flowengine/core/engine/compiler.go:350.3,351.1 1 0
github.com/kubeworkflow/flowengine/core/engine/compiler.go:352.2,352.18 1 0
github.com/kubeworkflow/flowengine/core/engine/compiler.go:358.2,359.31 2 0
github.com/kubeworkflow/flowengine/core/engine/compiler.go:360.3,361.67 2 0
github.com/kubeworkflow/flowengine/core/engine/compiler.go:362.4,363.1 1 0
github.com/kubeworkflow/flowengine/core/engine/compiler.go:363.10,363.34 1 0
github.com/kubeworkflow/flowengine/core/engine/compiler.go:364.4,365.1 1 0
github.com/kubeworkflow/flowengine/core/engine/compiler.go:366.4,367.1 1 0
github.com/kubeworkflow/flowengine/core/engine/compiler.go:369.2,369.23 1 0
github.com/kubeworkflow/flowengine/core/engine/mapper.go:12.2,12.50 1 0
github.com/kubeworkflow/flowengine/core/engine/mapper.go:13.3,14.1 1 0
github.com/kubeworkflow/flowengine/core/engine/mapper.go:16.2,20.1 2 0
github.com/kubeworkflow/flowengine/core/engine/mapper.go:23.2,23.47 2 0
github.com/kubeworkflow/flowengine/core/engine/mapper.go:24.3,37.1 2 0
github.com/kubeworkflow/flowengine/core/engine/mapper.go:39.3,39.36 2 0
github.com/kubeworkflow/flowengine/core/engine/mapper.go:40.4,41.1 1 0
github.com/kubeworkflow/flowengine/core/engine/mapper.go:43.3,44.1 2 0
github.com/kubeworkflow/flowengine/core/engine/mapper.go:47.3,47.28 2 0
github.com/kubeworkflow/flowengine/core/engine/mapper.go:48.4,49.1 1 0
github.com/kubeworkflow/flowengine/core/engine/mapper.go:52.2,52.14 1 0
github.com/kubeworkflow/flowengine/core/engine/adapters/adapters.go:39.36,39.58 1 0
github.com/kubeworkflow/flowengine/core/engine/adapters/adapters.go:42.2,43.1 1 0
github.com/kubeworkflow/flowengine/core/engine/adapters/adapters.go:49.2,51.1 2 0
github.com/kubeworkflow/flowengine/core/engine/adapters/adapters.go:63.40,63.64 1 0
github.com/kubeworkflow/flowengine/core/engine/adapters/adapters.go:66.2,67.1 1 0
github.com/kubeworkflow/flowengine/core/engine/adapters/adapters.go:73.2,75.1 2 0
github.com/kubeworkflow/flowengine/core/engine/adapters/adapters.go:86.40,86.64 1 0
github.com/kubeworkflow/flowengine/core/engine/adapters/adapters.go:89.2,90.1 1 0
github.com/kubeworkflow/flowengine/core/engine/adapters/adapters.go:93.2,95.1 2 0
github.com/kubeworkflow/flowengine/core/engine/adapters/adapters.go:105.40,105.64 1 0
github.com/kubeworkflow/flowengine/core/engine/adapters/adapters.go:108.2,109.1 1 0
github.com/kubeworkflow/flowengine/core/engine/adapters/adapters.go:112.2,114.1 2 0
github.com/kubeworkflow/flowengine/core/engine/adapters/adapters.go:125.40,125.64 1 0
github.com/kubeworkflow/flowengine/core/engine/adapters/adapters.go:128.2,131.1 1 0
github.com/kubeworkflow/flowengine/core/engine/adapters/adapters.go:135.2,137.1 2 0
github.com/kubeworkflow/flowengine/core/engine/adapters/adapters.go:149.40,149.64 1 0
github.com/kubeworkflow/flowengine/core/engine/adapters/adapters.go:152.2,157.1 1 0
github.com/kubeworkflow/flowengine/core/engine/adapters/adapters.go:161.2,163.1 2 0
github.com/kubeworkflow/flowengine/core/engine/adapters/adapters.go:175.52,175.82 1 0
github.com/kubeworkflow/flowengine/core/engine/adapters/adapters.go:179.2,180.1 1 0
github.com/kubeworkflow/flowengine/core/engine/adapters/adapters.go:184.2,185.1 1 0
github.com/kubeworkflow/flowengine/core/linter/graph.go:53.2,54.1 1 0
github.com/kubeworkflow/flowengine/core/linter/graph.go:64.2,64.31 1 0
github.com/kubeworkflow/flowengine/core/linter/graph.go:65.3,65.34 1 0
github.com/kubeworkflow/flowengine/core/linter/graph.go:66.4,67.1 1 0
github.com/kubeworkflow/flowengine/core/linter/graph.go:69.2,69.14 1 0
github.com/kubeworkflow/flowengine/core/linter/graph.go:74.2,75.31 2 0
github.com/kubeworkflow/flowengine/core/linter/graph.go:76.3,76.34 1 0
github.com/kubeworkflow/flowengine/core/linter/graph.go:77.4,78.1 1 0
github.com/kubeworkflow/flowengine/core/linter/graph.go:80.2,80.13 1 0
github.com/kubeworkflow/flowengine/core/linter/graph.go:85.2,86.31 2 0
github.com/kubeworkflow/flowengine/core/linter/graph.go:87.3,88.1 1 0
github.com/kubeworkflow/flowengine/core/linter/graph.go:89.2,89.11 1 0
github.com/kubeworkflow/flowengine/core/linter/graph.go:134.27,134.50 1 0
github.com/kubeworkflow/flowengine/core/linter/graph.go:139.2,140.1 9 0
github.com/kubeworkflow/flowengine/core/linter/graph.go:142.2,143.1 9 0
github.com/kubeworkflow/flowengine/core/linter/graph.go:145.2,151.1 9 0
github.com/kubeworkflow/flowengine/core/linter/graph.go:152.2,153.1 9 0
github.com/kubeworkflow/flowengine/core/linter/graph.go:157.2,158.24 2 0
github.com/kubeworkflow/flowengine/core/linter/graph.go:159.3,160.1 1 0
github.com/kubeworkflow/flowengine/core/linter/graph.go:161.2,161.12 1 0
github.com/kubeworkflow/flowengine/core/linter/graph.go:169.2,170.27 2 0
github.com/kubeworkflow/flowengine/core/linter/graph.go:171.3,171.41 1 0
github.com/kubeworkflow/flowengine/core/linter/graph.go:172.4,172.43 1 0
github.com/kubeworkflow/flowengine/core/linter/graph.go:173.5,179.1 1 0
github.com/kubeworkflow/flowengine/core/linter/graph.go:182.2,182.17 1 0
github.com/kubeworkflow/flowengine/core/linter/graph.go:199.2,201.1 3 0
github.com/kubeworkflow/flowengine/core/linter/graph.go:202.2,202.27 3 0
github.com/kubeworkflow/flowengine/core/linter/graph.go:203.3,203.30 1 0
github.com/kubeworkflow/flowengine/core/linter/graph.go:204.4,204.50 1 0
github.com/kubeworkflow/flowengine/core/linter/graph.go:206.5,206.10 1 0
github.com/kubeworkflow/flowengine/core/linter/graph.go:210.2,210.17 1 0
github.com/kubeworkflow/flowengine/core/linter/graph.go:215.2,216.1 3 0
github.com/kubeworkflow/flowengine/core/linter/graph.go:217.2,218.13 3 0
github.com/kubeworkflow/flowengine/core/linter/graph.go:219.3,221.1 2 0
github.com/kubeworkflow/flowengine/core/linter/graph.go:223.2,223.39 1 0
github.com/kubeworkflow/flowengine/core/linter/graph.go:224.3,224.25 1 0
github.com/kubeworkflow/flowengine/core/linter/graph.go:227.4,236.15 2 0
github.com/kubeworkflow/flowengine/core/linter/graph.go:238.4,238.49 1 0
github.com/kubeworkflow/flowengine/core/linter/graph.go:239.5,240.1 1 0
github.com/kubeworkflow/flowengine/core/linter/graph.go:244.2,245.14 2 0
github.com/kubeworkflow/flowengine/core/linter/graph.go:253.2,254.27 2 0
github.com/kubeworkflow/flowengine/core/linter/graph.go:255.3,256.44 2 0
github.com/kubeworkflow/flowengine/core/linter/graph.go:257.4,257.44 1 0
github.com/kubeworkflow/flowengine/core/linter/graph.go:258.5,259.10 2 0
github.com/kubeworkflow/flowengine/core/linter/graph.go:262.3,262.13 1 0
github.com/kubeworkflow/flowengine/core/linter/graph.go:263.4,273.1 1 0
github.com/kubeworkflow/flowengine/core/linter/graph.go:276.3,276.46 1 0
github.com/kubeworkflow/flowengine/core/linter/graph.go:277.4,277.45 1 0
github.com/kubeworkflow/flowengine/core/linter/graph.go:278.5,284.1 1 0
github.com/kubeworkflow/flowengine/core/linter/graph.go:287.2,287.17 1 0
github.com/kubeworkflow/flowengine/core/linter/graph.go:295.2,296.27 2 0
github.com/kubeworkflow/flowengine/core/linter/graph.go:297.3,297.49 1 0
github.com/kubeworkflow/flowengine/core/linter/graph.go:298.4,298.68 1 0
github.com/kubeworkflow/flowengine/core/linter/graph.go:299.5,309.1 1 0
github.com/kubeworkflow/flowengine/core/linter/graph.go:312.2,312.17 1 0
github.com/kubeworkflow/flowengine/core/linter/graph.go:320.2,321.27 2 0
github.com/kubeworkflow/flowengine/core/linter/graph.go:322.3,322.63 1 0
github.com/kubeworkflow/flowengine/core/linter/graph.go:323.4,331.1 1 0
github.com/kubeworkflow/flowengine/core/linter/graph.go:333.2,333.17 1 0
github.com/kubeworkflow/flowengine/core/linter/graph.go:342.2,343.27 2 0
github.com/kubeworkflow/flowengine/core/linter/graph.go:344.3,344.36 1 0
github.com/kubeworkflow/flowengine/core/linter/graph.go:345.4,346.1 1 0
github.com/kubeworkflow/flowengine/core/linter/graph.go:349.2,350.27 2 0
github.com/kubeworkflow/flowengine/core/linter/graph.go:351.3,353.41 3 0
github.com/kubeworkflow/flowengine/core/linter/graph.go:354.4,364.1 1 0
github.com/kubeworkflow/flowengine/core/linter/graph.go:366.2,366.17 1 0
github.com/kubeworkflow/flowengine/core/nodebuilder/factory.go:75.2,76.1 1 0
github.com/kubeworkflow/flowengine/core/nodebuilder/factory.go:103.2,103.30 1 0
github.com/kubeworkflow/flowengine/core/nodebuilder/factory.go:104.3,105.1 1 0
github.com/kubeworkflow/flowengine/core/nodebuilder/factory.go:107.2,108.16 2 0
github.com/kubeworkflow/flowengine/core/nodebuilder/factory.go:109.3,110.1 1 0
github.com/kubeworkflow/flowengine/core/nodebuilder/factory.go:112.2,113.9 2 0
github.com/kubeworkflow/flowengine/core/nodebuilder/factory.go:114.3,115.1 1 0
github.com/kubeworkflow/flowengine/core/nodebuilder/factory.go:118.2,122.1 11 0
github.com/kubeworkflow/flowengine/core/nodebuilder/factory.go:124.2,125.1 11 0
github.com/kubeworkflow/flowengine/core/nodebuilder/factory.go:126.2,128.1 11 0
github.com/kubeworkflow/flowengine/core/nodebuilder/factory.go:140.2,141.1 11 0
github.com/kubeworkflow/flowengine/core/nodebuilder/factory.go:142.2,147.1 11 0
github.com/kubeworkflow/flowengine/core/nodebuilder/factory.go:149.2,150.20 11 0
github.com/kubeworkflow/flowengine/core/nodebuilder/factory.go:157.2,158.1 2 0
github.com/kubeworkflow/flowengine/core/nodebuilder/factory.go:159.2,159.44 2 0
github.com/kubeworkflow/flowengine/core/nodebuilder/factory.go:160.3,161.1 3 0
github.com/kubeworkflow/flowengine/core/nodebuilder/factory.go:162.3,163.17 3 0
github.com/kubeworkflow/flowengine/core/nodebuilder/factory.go:164.4,165.1 1 0
github.com/kubeworkflow/flowengine/core/nodebuilder/factory.go:166.3,166.20 1 0
github.com/kubeworkflow/flowengine/core/nodebuilder/factory.go:167.4,167.12 1 0
github.com/kubeworkflow/flowengine/core/nodebuilder/factory.go:171.3,172.28 2 0
github.com/kubeworkflow/flowengine/core/nodebuilder/factory.go:175.2,175.21 1 0
github.com/kubeworkflow/flowengine/core/nodebuilder/factory.go:185.2,186.1 4 0
github.com/kubeworkflow/flowengine/core/nodebuilder/factory.go:187.2,189.1 4 0
github.com/kubeworkflow/flowengine/core/nodebuilder/factory.go:190.2,190.14 4 0
github.com/kubeworkflow/flowengine/core/nodebuilder/factory.go:193.3,193.55 1 0
github.com/kubeworkflow/flowengine/core/nodebuilder/factory.go:194.4,195.1 1 0
github.com/kubeworkflow/flowengine/core/nodebuilder/factory.go:196.3,197.61 2 0
github.com/kubeworkflow/flowengine/core/nodebuilder/factory.go:200.3,200.55 1 0
github.com/kubeworkflow/flowengine/core/nodebuilder/factory.go:201.4,202.1 1 0
github.com/kubeworkflow/flowengine/core/nodebuilder/factory.go:203.3,204.59 2 0
github.com/kubeworkflow/flowengine/core/nodebuilder/factory.go:207.3,209.62 3 0
github.com/kubeworkflow/flowengine/core/nodebuilder/factory.go:212.3,212.55 1 0
github.com/kubeworkflow/flowengine/core/nodebuilder/factory.go:214.4,216.1 1 0
github.com/kubeworkflow/flowengine/core/nodebuilder/factory.go:217.3,218.61 2 0
github.com/kubeworkflow/flowengine/core/nodebuilder/factory.go:221.3,223.52 3 0
github.com/kubeworkflow/flowengine/core/nodebuilder/factory.go:226.3,227.67 2 0
github.com/kubeworkflow/flowengine/core/nodebuilder/factory.go:230.2,230.20 1 0
github.com/kubeworkflow/flowengine/core/nodebuilder/factory.go:239.2,240.1 1 0
github.com/kubeworkflow/flowengine/core/nodebuilder/factory.go:244.2,245.21 2 0
github.com/kubeworkflow/flowengine/core/nodebuilder/factory.go:246.3,247.1 1 0
github.com/kubeworkflow/flowengine/core/nodebuilder/factory.go:248.2,248.11 1 0
github.com/kubeworkflow/flowengine/core/nodebuilder/factory.go:254.2,258.1 4 0
github.com/kubeworkflow/flowengine/core/engine/materializer/materializer.go:112.2,112.60 1 0
github.com/kubeworkflow/flowengine/core/engine/materializer/materializer.go:113.3,114.1 1 0
github.com/kubeworkflow/flowengine/core/engine/materializer/materializer.go:115.2,115.42 1 0
github.com/kubeworkflow/flowengine/core/engine/materializer/materializer.go:116.3,117.1 1 0
github.com/kubeworkflow/flowengine/core/engine/materializer/materializer.go:118.2,118.24 1 0
github.com/kubeworkflow/flowengine/core/engine/materializer/materializer.go:123.2,123.17 1 0
github.com/kubeworkflow/flowengine/core/engine/materializer/materializer.go:125.3,125.71 1 0
github.com/kubeworkflow/flowengine/core/engine/materializer/materializer.go:127.3,127.76 1 0
github.com/kubeworkflow/flowengine/core/engine/materializer/materializer.go:129.3,129.72 1 0
github.com/kubeworkflow/flowengine/core/engine/materializer/materializer.go:131.3,131.12 1 0
github.com/kubeworkflow/flowengine/core/engine/materializer/materializer.go:166.2,167.1 9 0
github.com/kubeworkflow/flowengine/core/engine/materializer/materializer.go:168.2,176.1 9 0
github.com/kubeworkflow/flowengine/core/engine/materializer/materializer.go:181.2,182.1 1 0
github.com/kubeworkflow/flowengine/core/engine/materializer/materializer.go:189.2,190.20 2 0
github.com/kubeworkflow/flowengine/core/engine/materializer/materializer.go:192.3,193.1 1 0
github.com/kubeworkflow/flowengine/core/engine/materializer/materializer.go:194.2,195.16 2 0
github.com/kubeworkflow/flowengine/core/engine/materializer/materializer.go:196.3,197.1 1 0
github.com/kubeworkflow/flowengine/core/engine/materializer/materializer.go:198.2,198.39 1 0
github.com/kubeworkflow/flowengine/core/engine/materializer/materializer.go:199.3,200.1 1 0
github.com/kubeworkflow/flowengine/core/engine/materializer/materializer.go:201.2,201.21 1 0
github.com/kubeworkflow/flowengine/core/engine/materializer/materializer.go:206.2,207.31 2 0
github.com/kubeworkflow/flowengine/core/engine/materializer/materializer.go:208.3,208.43 1 0
github.com/kubeworkflow/flowengine/core/engine/materializer/materializer.go:209.4,209.46 1 0
github.com/kubeworkflow/flowengine/core/engine/materializer/materializer.go:210.5,211.1 1 0
github.com/kubeworkflow/flowengine/core/engine/materializer/materializer.go:214.2,214.12 1 0
github.com/kubeworkflow/flowengine/core/messaging/nats.go:50.2,51.1 1 0
github.com/kubeworkflow/flowengine/core/messaging/nats.go:55.2,56.1 1 0
github.com/kubeworkflow/flowengine/core/messaging/nats.go:60.2,61.1 1 0
github.com/kubeworkflow/flowengine/core/messaging/nats.go:65.2,66.1 1 0
github.com/kubeworkflow/flowengine/core/messaging/nats.go:133.2,137.1 1 0
github.com/kubeworkflow/flowengine/core/messaging/nats.go:143.2,147.60 1 0
github.com/kubeworkflow/flowengine/core/messaging/nats.go:148.4,148.18 1 0
github.com/kubeworkflow/flowengine/core/messaging/nats.go:149.5,150.1 1 0
github.com/kubeworkflow/flowengine/core/messaging/nats.go:153.4,154.1 1 0
github.com/kubeworkflow/flowengine/core/messaging/nats.go:157.2,157.31 1 0
github.com/kubeworkflow/flowengine/core/messaging/nats.go:158.3,159.1 1 0
github.com/kubeworkflow/flowengine/core/messaging/nats.go:161.2,162.16 2 0
github.com/kubeworkflow/flowengine/core/messaging/nats.go:163.3,164.1 1 0
github.com/kubeworkflow/flowengine/core/messaging/nats.go:166.2,167.16 2 0
github.com/kubeworkflow/flowengine/core/messaging/nats.go:168.3,170.1 2 0
github.com/kubeworkflow/flowengine/core/messaging/nats.go:172.2,173.1 2 0
github.com/kubeworkflow/flowengine/core/messaging/nats.go:174.2,174.49 2 0
github.com/kubeworkflow/flowengine/core/messaging/nats.go:175.3,177.1 2 0
github.com/kubeworkflow/flowengine/core/messaging/nats.go:179.2,179.20 1 0
github.com/kubeworkflow/flowengine/core/messaging/nats.go:185.2,196.1 2 0
github.com/kubeworkflow/flowengine/core/messaging/nats.go:205.2,206.16 2 0
github.com/kubeworkflow/flowengine/core/messaging/nats.go:207.3,208.1 1 0
github.com/kubeworkflow/flowengine/core/messaging/nats.go:209.2,211.12 3 0
github.com/kubeworkflow/flowengine/core/messaging/nats.go:217.2,219.16 3 0
github.com/kubeworkflow/flowengine/core/messaging/nats.go:220.3,221.1 1 0
github.com/kubeworkflow/flowengine/core/messaging/nats.go:222.2,223.36 2 0
github.com/kubeworkflow/flowengine/core/messaging/nats.go:228.2,230.16 3 0
github.com/kubeworkflow/flowengine/core/messaging/nats.go:231.3,232.1 1 0
github.com/kubeworkflow/flowengine/core/messaging/nats.go:233.2,235.12 3 0
github.com/kubeworkflow/flowengine/core/messaging/nats.go:240.2,242.16 3 0
github.com/kubeworkflow/flowengine/core/messaging/nats.go:243.3,244.1 1 0
github.com/kubeworkflow/flowengine/core/messaging/nats.go:245.2,247.12 3 0
github.com/kubeworkflow/flowengine/core/messaging/nats.go:257.2,259.1 4 0
github.com/kubeworkflow/flowengine/core/messaging/nats.go:260.2,266.16 4 0
github.com/kubeworkflow/flowengine/core/messaging/nats.go:267.3,268.1 1 0
github.com/kubeworkflow/flowengine/core/messaging/nats.go:270.2,270.48 1 0
github.com/kubeworkflow/flowengine/core/messaging/nats.go:271.3,273.1 2 0
github.com/kubeworkflow/flowengine/core/messaging/nats.go:274.2,274.12 1 0
github.com/kubeworkflow/flowengine/core/messaging/nats.go:280.2,281.53 2 0
github.com/kubeworkflow/flowengine/core/messaging/nats.go:282.3,283.58 2 0
github.com/kubeworkflow/flowengine/core/messaging/nats.go:284.4,286.1 2 0
github.com/kubeworkflow/flowengine/core/messaging/nats.go:287.3,287.17 1 0
github.com/kubeworkflow/flowengine/core/messaging/nats.go:297.2,297.37 1 0
github.com/kubeworkflow/flowengine/core/messaging/nats.go:298.3,299.1 1 0
github.com/kubeworkflow/flowengine/core/messaging/nats.go:304.2,305.1 1 0
github.com/kubeworkflow/flowengine/core/observability/otel.go:112.2,120.16 2 0
github.com/kubeworkflow/flowengine/core/observability/otel.go:121.3,122.1 1 0
github.com/kubeworkflow/flowengine/core/observability/otel.go:125.2,126.1 3 0
github.com/kubeworkflow/flowengine/core/observability/otel.go:127.2,130.1 3 0
github.com/kubeworkflow/flowengine/core/observability/otel.go:132.2,132.28 3 0
github.com/kubeworkflow/flowengine/core/observability/otel.go:133.3,137.17 2 0
github.com/kubeworkflow/flowengine/core/observability/otel.go:138.4,139.1 1 0
github.com/kubeworkflow/flowengine/core/observability/otel.go:140.3,141.31 2 0
github.com/kubeworkflow/flowengine/core/observability/otel.go:144.2,147.1 8 0
github.com/kubeworkflow/flowengine/core/observability/otel.go:149.2,154.1 8 0
github.com/kubeworkflow/flowengine/core/observability/otel.go:156.2,157.16 8 0
github.com/kubeworkflow/flowengine/core/observability/otel.go:158.3,159.1 1 0
github.com/kubeworkflow/flowengine/core/observability/otel.go:162.2,162.21 1 0
github.com/kubeworkflow/flowengine/core/observability/otel.go:163.3,165.50 3 0
github.com/kubeworkflow/flowengine/core/observability/otel.go:166.4,167.1 1 0
github.com/kubeworkflow/flowengine/core/observability/otel.go:168.3,168.50 1 0
github.com/kubeworkflow/flowengine/core/observability/otel.go:169.4,170.1 1 0
github.com/kubeworkflow/flowengine/core/observability/otel.go:171.3,171.27 1 0
github.com/kubeworkflow/flowengine/core/observability/otel.go:172.4,172.53 1 0
github.com/kubeworkflow/flowengine/core/observability/otel.go:173.5,174.1 1 0
github.com/kubeworkflow/flowengine/core/observability/otel.go:178.2,180.28 2 0
github.com/kubeworkflow/flowengine/core/observability/otel.go:185.2,191.16 2 0
github.com/kubeworkflow/flowengine/core/observability/otel.go:192.3,193.1 1 0
github.com/kubeworkflow/flowengine/core/observability/otel.go:195.2,208.16 2 0
github.com/kubeworkflow/flowengine/core/observability/otel.go:209.3,210.1 1 0
github.com/kubeworkflow/flowengine/core/observability/otel.go:212.2,216.16 2 0
github.com/kubeworkflow/flowengine/core/observability/otel.go:217.3,218.1 1 0
github.com/kubeworkflow/flowengine/core/observability/otel.go:221.2,225.16 2 0
github.com/kubeworkflow/flowengine/core/observability/otel.go:226.3,227.1 1 0
github.com/kubeworkflow/flowengine/core/observability/otel.go:229.2,233.16 2 0
github.com/kubeworkflow/flowengine/core/observability/otel.go:234.3,235.1 1 0
github.com/kubeworkflow/flowengine/core/observability/otel.go:237.2,241.16 2 0
github.com/kubeworkflow/flowengine/core/observability/otel.go:242.3,243.1 1 0
github.com/kubeworkflow/flowengine/core/observability/otel.go:245.2,252.8 1 0
github.com/kubeworkflow/flowengine/core/observability/otel.go:261.2,266.1 1 0
github.com/kubeworkflow/flowengine/core/observability/otel.go:277.2,280.1 1 0
github.com/kubeworkflow/flowengine/core/observability/otel.go:284.2,291.1 1 0
github.com/kubeworkflow/flowengine/core/observability/otel.go:295.2,298.1 1 0
github.com/kubeworkflow/flowengine/core/observability/otel.go:302.2,309.1 1 0
github.com/kubeworkflow/flowengine/core/scanner/trivy.go:53.2,58.1 1 0
github.com/kubeworkflow/flowengine/core/scanner/trivy.go:72.2,73.1 1 0
github.com/kubeworkflow/flowengine/core/scanner/trivy.go:105.2,105.50 1 0
github.com/kubeworkflow/flowengine/core/scanner/trivy.go:106.3,107.1 1 0
github.com/kubeworkflow/flowengine/core/scanner/trivy.go:108.2,108.42 1 0
github.com/kubeworkflow/flowengine/core/scanner/trivy.go:109.3,110.1 1 0
github.com/kubeworkflow/flowengine/core/scanner/trivy.go:111.2,111.14 1 0
github.com/kubeworkflow/flowengine/core/scanner/trivy.go:121.2,123.1 6 0
github.com/kubeworkflow/flowengine/core/scanner/trivy.go:124.2,125.1 6 0
github.com/kubeworkflow/flowengine/core/scanner/trivy.go:126.2,128.16 6 0
github.com/kubeworkflow/flowengine/core/scanner/trivy.go:130.3,130.74 1 0
github.com/kubeworkflow/flowengine/core/scanner/trivy.go:130.75,130.75 0 0
github.com/kubeworkflow/flowengine/core/scanner/trivy.go:133.4,134.1 1 0
github.com/kubeworkflow/flowengine/core/scanner/trivy.go:137.2,138.16 2 0
github.com/kubeworkflow/flowengine/core/scanner/trivy.go:139.3,140.1 1 0
github.com/kubeworkflow/flowengine/core/scanner/trivy.go:142.2,144.20 2 0
github.com/kubeworkflow/flowengine/core/scanner/trivy.go:150.2,152.1 3 0
github.com/kubeworkflow/flowengine/core/scanner/trivy.go:153.2,153.50 3 0
github.com/kubeworkflow/flowengine/core/scanner/trivy.go:154.3,154.23 1 0
github.com/kubeworkflow/flowengine/core/scanner/trivy.go:155.4,155.12 1 0
github.com/kubeworkflow/flowengine/core/scanner/trivy.go:157.3,157.23 1 0
github.com/kubeworkflow/flowengine/core/scanner/trivy.go:158.4,158.12 1 0
github.com/kubeworkflow/flowengine/core/scanner/trivy.go:160.3,161.1 3 0
github.com/kubeworkflow/flowengine/core/scanner/trivy.go:162.3,163.17 3 0
github.com/kubeworkflow/flowengine/core/scanner/trivy.go:164.4,165.1 1 0
github.com/kubeworkflow/flowengine/core/scanner/trivy.go:166.3,166.36 1 0
github.com/kubeworkflow/flowengine/core/scanner/trivy.go:168.2,168.21 1 0
github.com/kubeworkflow/flowengine/core/scanner/trivy.go:173.2,174.28 2 0
github.com/kubeworkflow/flowengine/core/scanner/trivy.go:175.3,178.35 4 0
github.com/kubeworkflow/flowengine/core/scanner/trivy.go:179.4,180.1 1 0
github.com/kubeworkflow/flowengine/core/scanner/trivy.go:182.2,182.11 1 0
github.com/kubeworkflow/flowengine/core/scanner/trivy.go:191.2,196.1 2 0
github.com/kubeworkflow/flowengine/core/scanner/trivy.go:198.2,198.25 2 0
github.com/kubeworkflow/flowengine/core/scanner/trivy.go:199.3,200.1 1 0
github.com/kubeworkflow/flowengine/core/scanner/trivy.go:201.2,201.25 1 0
github.com/kubeworkflow/flowengine/core/scanner/trivy.go:202.3,203.1 1 0
github.com/kubeworkflow/flowengine/core/scanner/trivy.go:205.2,206.13 2 0
github.com/kubeworkflow/flowengine/core/scanner/trivy.go:226.2,226.20 1 0
github.com/kubeworkflow/flowengine/core/scanner/trivy.go:228.3,229.1 1 0
github.com/kubeworkflow/flowengine/core/scanner/trivy.go:231.2,232.54 2 0
github.com/kubeworkflow/flowengine/core/scanner/trivy.go:233.3,234.1 1 0
github.com/kubeworkflow/flowengine/core/scanner/trivy.go:236.2,240.1 2 0
github.com/kubeworkflow/flowengine/core/scanner/trivy.go:242.2,242.35 2 0
github.com/kubeworkflow/flowengine/core/scanner/trivy.go:243.3,243.39 1 0
github.com/kubeworkflow/flowengine/core/scanner/trivy.go:244.4,252.1 3 0
github.com/kubeworkflow/flowengine/core/scanner/trivy.go:253.4,254.22 3 0
github.com/kubeworkflow/flowengine/core/scanner/trivy.go:256.5,257.25 2 0
github.com/kubeworkflow/flowengine/core/scanner/trivy.go:259.5,259.18 1 0
github.com/kubeworkflow/flowengine/core/scanner/trivy.go:261.5,261.20 1 0
github.com/kubeworkflow/flowengine/core/scanner/trivy.go:263.5,263.17 1 0
github.com/kubeworkflow/flowengine/core/scanner/trivy.go:268.2,268.20 1 0
github.com/kubeworkflow/flowengine/core/rbac/mapper.go:32.2,33.1 1 0
github.com/kubeworkflow/flowengine/core/rbac/mapper.go:63.2,64.1 2 0
github.com/kubeworkflow/flowengine/core/rbac/mapper.go:66.2,66.45 2 0
github.com/kubeworkflow/flowengine/core/rbac/mapper.go:67.3,68.17 2 0
github.com/kubeworkflow/flowengine/core/rbac/mapper.go:70.4,71.1 1 0
github.com/kubeworkflow/flowengine/core/rbac/mapper.go:72.3,72.14 1 0
github.com/kubeworkflow/flowengine/core/rbac/mapper.go:73.4,74.1 1 0
github.com/kubeworkflow/flowengine/core/rbac/mapper.go:80.2,80.16 1 0
github.com/kubeworkflow/flowengine/core/rbac/mapper.go:81.3,81.44 1 0
github.com/kubeworkflow/flowengine/core/rbac/mapper.go:82.4,82.40 1 0
github.com/kubeworkflow/flowengine/core/rbac/mapper.go:83.5,83.43 1 0
github.com/kubeworkflow/flowengine/core/rbac/mapper.go:84.6,85.1 1 0
github.com/kubeworkflow/flowengine/core/rbac/mapper.go:91.2,92.26 2 0
github.com/kubeworkflow/flowengine/core/rbac/mapper.go:93.3,94.1 1 0
github.com/kubeworkflow/flowengine/core/rbac/mapper.go:95.2,95.19 1 0
github.com/kubeworkflow/flowengine/core/rbac/mapper.go:101.2,102.16 2 0
github.com/kubeworkflow/flowengine/core/rbac/mapper.go:103.3,104.1 1 0
github.com/kubeworkflow/flowengine/core/rbac/mapper.go:105.2,105.33 1 0
github.com/kubeworkflow/flowengine/core/rbac/mapper.go:106.3,106.23 1 0
github.com/kubeworkflow/flowengine/core/rbac/mapper.go:107.4,108.1 1 0
github.com/kubeworkflow/flowengine/core/rbac/mapper.go:110.2,110.19 1 0
github.com/kubeworkflow/flowengine/core/rbac/mapper.go:128.2,129.1 4 0
github.com/kubeworkflow/flowengine/core/rbac/mapper.go:130.2,141.1 4 0
github.com/kubeworkflow/flowengine/core/rbac/mapper.go:143.2,144.16 4 0
github.com/kubeworkflow/flowengine/core/rbac/mapper.go:145.3,146.1 1 0
github.com/kubeworkflow/flowengine/core/rbac/mapper.go:147.2,147.35 1 0
github.com/kubeworkflow/flowengine/core/rbac/mapper.go:152.2,152.14 1 0
github.com/kubeworkflow/flowengine/core/rbac/mapper.go:154.3,154.30 1 0
github.com/kubeworkflow/flowengine/core/rbac/mapper.go:156.3,156.30 1 0
github.com/kubeworkflow/flowengine/core/rbac/mapper.go:158.3,158.30 1 0
github.com/kubeworkflow/flowengine/core/rbac/mapper.go:160.3,160.33 1 0
github.com/kubeworkflow/flowengine/core/rbac/mapper.go:162.3,162.34 1 0
github.com/kubeworkflow/flowengine/core/rbac/mapper.go:164.3,164.38 1 0
github.com/kubeworkflow/flowengine/core/rbac/mapper.go:166.3,166.38 1 0
github.com/kubeworkflow/flowengine/core/rbac/mapper.go:168.3,168.31 1 0
github.com/kubeworkflow/flowengine/core/rbac/mapper.go:170.3,170.31 1 0
github.com/kubeworkflow/flowengine/core/rbac/mapper.go:172.3,172.33 1 0
github.com/kubeworkflow/flowengine/core/rbac/mapper.go:174.3,174.32 1 0
github.com/kubeworkflow/flowengine/core/rbac/mapper.go:176.3,176.28 1 0
github.com/kubeworkflow/flowengine/core/rbac/mapper.go:178.3,178.27 1 0
github.com/kubeworkflow/flowengine/core/rbac/mapper.go:189.2,190.1 2 0
github.com/kubeworkflow/flowengine/core/rbac/mapper.go:192.2,192.33 2 0
github.com/kubeworkflow/flowengine/core/rbac/mapper.go:193.3,193.50 1 0
github.com/kubeworkflow/flowengine/core/rbac/mapper.go:194.4,194.31 1 0
github.com/kubeworkflow/flowengine/core/rbac/mapper.go:195.5,196.1 1 0
github.com/kubeworkflow/flowengine/core/rbac/mapper.go:201.2,201.24 1 0
github.com/kubeworkflow/flowengine/core/rbac/mapper.go:202.3,202.55 1 0
github.com/kubeworkflow/flowengine/core/rbac/mapper.go:203.4,204.1 1 0
github.com/kubeworkflow/flowengine/core/rbac/mapper.go:208.2,208.16 1 0
github.com/kubeworkflow/flowengine/core/rbac/mapper.go:209.3,209.44 1 0
github.com/kubeworkflow/flowengine/core/rbac/mapper.go:210.4,210.40 1 0
github.com/kubeworkflow/flowengine/core/rbac/mapper.go:211.5,211.43 1 0
github.com/kubeworkflow/flowengine/core/rbac/mapper.go:212.6,213.1 1 0
github.com/kubeworkflow/flowengine/core/rbac/mapper.go:218.2,219.26 2 0
github.com/kubeworkflow/flowengine/core/rbac/mapper.go:220.3,221.1 1 0
github.com/kubeworkflow/flowengine/core/rbac/mapper.go:222.2,222.19 1 0
github.com/kubeworkflow/flowengine/core/rbac/mapper.go:228.2,228.28 1 0
github.com/kubeworkflow/flowengine/core/rbac/mapper.go:229.3,230.1 1 0
github.com/kubeworkflow/flowengine/core/rbac/mapper.go:231.2,231.29 1 0
github.com/kubeworkflow/flowengine/core/rbac/mapper.go:232.3,232.20 1 0
github.com/kubeworkflow/flowengine/core/rbac/mapper.go:233.4,234.1 1 0
github.com/kubeworkflow/flowengine/core/rbac/mapper.go:236.2,236.14 1 0
github.com/kubeworkflow/flowengine/core/rbac/mapper.go:247.61,247.75 1 0
github.com/kubeworkflow/flowengine/core/rbac/mapper.go:251.2,252.1 1 0
github.com/kubeworkflow/flowengine/core/rbac/mapper.go:255.42,255.76 1 0
github.com/kubeworkflow/flowengine/core/rbac/mapper.go:259.2,260.1 1 0
github.com/kubeworkflow/flowengine/core/rbac/mapper.go:264.2,265.20 2 0
github.com/kubeworkflow/flowengine/core/rbac/mapper.go:266.3,267.1 1 0
github.com/kubeworkflow/flowengine/core/rbac/mapper.go:268.2,268.12 1 0
github.com/kubeworkflow/flowengine/core/rbac/mapper.go:273.2,274.26 2 0
github.com/kubeworkflow/flowengine/core/rbac/mapper.go:275.3,276.1 1 0
github.com/kubeworkflow/flowengine/core/rbac/mapper.go:277.2,277.11 1 0
github.com/kubeworkflow/flowengine/internal/workflow/controller.go:70.2,71.1 3 0
github.com/kubeworkflow/flowengine/internal/workflow/controller.go:73.2,74.60 3 0
github.com/kubeworkflow/flowengine/internal/workflow/controller.go:75.3,75.29 1 0
github.com/kubeworkflow/flowengine/internal/workflow/controller.go:77.4,79.1 2 0
github.com/kubeworkflow/flowengine/internal/workflow/controller.go:80.3,80.77 1 0
github.com/kubeworkflow/flowengine/internal/workflow/controller.go:84.2,84.53 1 0
github.com/kubeworkflow/flowengine/internal/workflow/controller.go:85.3,87.1 2 0
github.com/kubeworkflow/flowengine/internal/workflow/controller.go:90.2,90.90 1 0
github.com/kubeworkflow/flowengine/internal/workflow/controller.go:91.3,92.1 1 0
github.com/kubeworkflow/flowengine/internal/workflow/controller.go:95.2,97.1 4 0
github.com/kubeworkflow/flowengine/internal/workflow/controller.go:99.2,100.52 4 0
github.com/kubeworkflow/flowengine/internal/workflow/controller.go:101.3,102.1 1 0
github.com/kubeworkflow/flowengine/internal/workflow/controller.go:104.2,104.28 1 0
github.com/kubeworkflow/flowengine/internal/workflow/controller.go:105.3,107.1 3 0
github.com/kubeworkflow/flowengine/internal/workflow/controller.go:108.3,109.1 3 0
github.com/kubeworkflow/flowengine/internal/workflow/controller.go:112.2,114.16 3 0
github.com/kubeworkflow/flowengine/internal/workflow/controller.go:115.3,117.1 2 0
github.com/kubeworkflow/flowengine/internal/workflow/controller.go:118.2,119.1 2 0
github.com/kubeworkflow/flowengine/internal/workflow/controller.go:121.2,121.96 2 0
github.com/kubeworkflow/flowengine/internal/workflow/controller.go:122.3,123.1 1 0
github.com/kubeworkflow/flowengine/internal/workflow/controller.go:125.2,125.64 1 0
github.com/kubeworkflow/flowengine/internal/workflow/controller.go:126.3,128.1 2 0
github.com/kubeworkflow/flowengine/internal/workflow/controller.go:131.2,131.35 1 0
github.com/kubeworkflow/flowengine/internal/workflow/controller.go:132.3,132.54 1 0
github.com/kubeworkflow/flowengine/internal/workflow/controller.go:133.4,134.1 1 0
github.com/kubeworkflow/flowengine/internal/workflow/controller.go:138.2,152.1 9 0
github.com/kubeworkflow/flowengine/internal/workflow/controller.go:153.2,153.52 9 0
github.com/kubeworkflow/flowengine/internal/workflow/controller.go:154.3,155.1 1 0
github.com/kubeworkflow/flowengine/internal/workflow/controller.go:157.2,158.27 2 0
github.com/kubeworkflow/flowengine/internal/workflow/controller.go:168.2,169.58 2 0
github.com/kubeworkflow/flowengine/internal/workflow/controller.go:170.3,171.1 1 0
github.com/kubeworkflow/flowengine/internal/workflow/controller.go:173.2,179.1 3 0
github.com/kubeworkflow/flowengine/internal/workflow/controller.go:181.2,181.112 3 0
github.com/kubeworkflow/flowengine/internal/workflow/controller.go:187.2,204.1 2 0
github.com/kubeworkflow/flowengine/internal/workflow/controller.go:206.2,207.1 2 0
github.com/kubeworkflow/flowengine/internal/workflow/controller.go:215.2,224.1 3 0
github.com/kubeworkflow/flowengine/internal/workflow/controller.go:228.2,228.31 1 0
github.com/kubeworkflow/flowengine/internal/workflow/controller.go:229.3,229.34 1 0
github.com/kubeworkflow/flowengine/internal/workflow/controller.go:230.4,232.1 2 0
github.com/kubeworkflow/flowengine/internal/workflow/controller.go:234.2,234.41 1 0
github.com/kubeworkflow/flowengine/internal/workflow/controller.go:243.2,246.1 1 0
github.com/kubeworkflow/flowengine/internal/workflow/graph.go:29.2,29.27 1 4
github.com/kubeworkflow/flowengine/internal/workflow/graph.go:30.3,31.1 1 0
github.com/kubeworkflow/flowengine/internal/workflow/graph.go:32.2,33.40 2 4
github.com/kubeworkflow/flowengine/internal/workflow/graph.go:34.3,34.39 1 8
github.com/kubeworkflow/flowengine/internal/workflow/graph.go:35.4,36.1 1 0
github.com/kubeworkflow/flowengine/internal/workflow/graph.go:37.3,37.42 1 8
github.com/kubeworkflow/flowengine/internal/workflow/graph.go:38.4,39.1 1 0
github.com/kubeworkflow/flowengine/internal/workflow/graph.go:40.3,40.24 1 8
github.com/kubeworkflow/flowengine/internal/workflow/graph.go:42.2,43.40 2 4
github.com/kubeworkflow/flowengine/internal/workflow/graph.go:44.3,46.29 3 5
github.com/kubeworkflow/flowengine/internal/workflow/graph.go:47.4,48.1 1 1
github.com/kubeworkflow/flowengine/internal/workflow/graph.go:49.3,49.81 1 4
github.com/kubeworkflow/flowengine/internal/workflow/graph.go:50.4,51.1 1 1
github.com/kubeworkflow/flowengine/internal/workflow/graph.go:52.3,52.71 1 3
github.com/kubeworkflow/flowengine/internal/workflow/graph.go:55.2,58.32 4 2
github.com/kubeworkflow/flowengine/internal/workflow/graph.go:59.3,59.17 1 6
github.com/kubeworkflow/flowengine/internal/workflow/graph.go:60.4,61.1 1 1
github.com/kubeworkflow/flowengine/internal/workflow/graph.go:62.3,62.18 1 5
github.com/kubeworkflow/flowengine/internal/workflow/graph.go:63.4,64.1 1 1
github.com/kubeworkflow/flowengine/internal/workflow/graph.go:65.3,66.38 2 4
github.com/kubeworkflow/flowengine/internal/workflow/graph.go:67.4,67.38 1 3
github.com/kubeworkflow/flowengine/internal/workflow/graph.go:68.5,69.1 1 2
github.com/kubeworkflow/flowengine/internal/workflow/graph.go:71.3,73.13 3 2
github.com/kubeworkflow/flowengine/internal/workflow/graph.go:75.2,75.24 1 2
github.com/kubeworkflow/flowengine/internal/workflow/graph.go:76.3,76.35 1 3
github.com/kubeworkflow/flowengine/internal/workflow/graph.go:77.4,78.1 1 1
github.com/kubeworkflow/flowengine/internal/workflow/graph.go:80.2,80.12 1 1
